Archive member included to satisfy reference by file (symbol)

/Applications/ARM/bin/../lib/gcc/arm-none-eabi/10.3.1/../../../../arm-none-eabi/lib/thumb/v7e-m+fp/hard/libc_nano.a(lib_a-memcpy-stub.o)
                              /var/folders/c9/hywznpld7ns6y79qb05hvwf00000gn/T//ccUwJTYa.o (memcpy)
/Applications/ARM/bin/../lib/gcc/arm-none-eabi/10.3.1/../../../../arm-none-eabi/lib/thumb/v7e-m+fp/hard/libc_nano.a(lib_a-memset.o)
                              /var/folders/c9/hywznpld7ns6y79qb05hvwf00000gn/T//ccUwJTYa.o (memset)

Discarded input sections

 .group         0x0000000000000000        0xc /var/folders/c9/hywznpld7ns6y79qb05hvwf00000gn/T//ccUwJTYa.o
 .text          0x0000000000000000        0x0 /var/folders/c9/hywznpld7ns6y79qb05hvwf00000gn/T//ccUwJTYa.o
 .data          0x0000000000000000        0x0 /var/folders/c9/hywznpld7ns6y79qb05hvwf00000gn/T//ccUwJTYa.o
 .bss           0x0000000000000000        0x0 /var/folders/c9/hywznpld7ns6y79qb05hvwf00000gn/T//ccUwJTYa.o
 .text.startup.main
                0x0000000000000000        0x4 /var/folders/c9/hywznpld7ns6y79qb05hvwf00000gn/T//ccUwJTYa.o
 .text          0x0000000000000000        0x0 /Applications/ARM/bin/../lib/gcc/arm-none-eabi/10.3.1/../../../../arm-none-eabi/lib/thumb/v7e-m+fp/hard/libc_nano.a(lib_a-memcpy-stub.o)
 .data          0x0000000000000000        0x0 /Applications/ARM/bin/../lib/gcc/arm-none-eabi/10.3.1/../../../../arm-none-eabi/lib/thumb/v7e-m+fp/hard/libc_nano.a(lib_a-memcpy-stub.o)
 .bss           0x0000000000000000        0x0 /Applications/ARM/bin/../lib/gcc/arm-none-eabi/10.3.1/../../../../arm-none-eabi/lib/thumb/v7e-m+fp/hard/libc_nano.a(lib_a-memcpy-stub.o)
 .text          0x0000000000000000        0x0 /Applications/ARM/bin/../lib/gcc/arm-none-eabi/10.3.1/../../../../arm-none-eabi/lib/thumb/v7e-m+fp/hard/libc_nano.a(lib_a-memset.o)
 .data          0x0000000000000000        0x0 /Applications/ARM/bin/../lib/gcc/arm-none-eabi/10.3.1/../../../../arm-none-eabi/lib/thumb/v7e-m+fp/hard/libc_nano.a(lib_a-memset.o)
 .bss           0x0000000000000000        0x0 /Applications/ARM/bin/../lib/gcc/arm-none-eabi/10.3.1/../../../../arm-none-eabi/lib/thumb/v7e-m+fp/hard/libc_nano.a(lib_a-memset.o)

Memory Configuration

Name             Origin             Length             Attributes
flash            0x0000000008000000 0x0000000000100000 xr
sram             0x0000000020000000 0x0000000000040000 xrw
*default*        0x0000000000000000 0xffffffffffffffff

Linker script and memory map

LOAD /var/folders/c9/hywznpld7ns6y79qb05hvwf00000gn/T//ccUwJTYa.o
LOAD /Applications/ARM/bin/../lib/gcc/arm-none-eabi/10.3.1/../../../../arm-none-eabi/lib/thumb/v7e-m+fp/hard/libc_nano.a
LOAD /Applications/ARM/bin/../lib/gcc/arm-none-eabi/10.3.1/thumb/v7e-m+fp/hard/libgcc.a
                0x0000000020040000                _estack = (ORIGIN (sram) + LENGTH (sram))

.vectors        0x0000000008000000      0x1ac
 *(.vectors)
 .vectors       0x0000000008000000      0x1ac /var/folders/c9/hywznpld7ns6y79qb05hvwf00000gn/T//ccUwJTYa.o
                0x0000000008000000                tab

.text           0x00000000080001ac       0x80
 *(.text*)
 .text._reset   0x00000000080001ac       0x54 /var/folders/c9/hywznpld7ns6y79qb05hvwf00000gn/T//ccUwJTYa.o
                0x00000000080001ac                _reset
 .text.memcpy   0x0000000008000200       0x1c /Applications/ARM/bin/../lib/gcc/arm-none-eabi/10.3.1/../../../../arm-none-eabi/lib/thumb/v7e-m+fp/hard/libc_nano.a(lib_a-memcpy-stub.o)
                0x0000000008000200                memcpy
 .text.memset   0x000000000800021c       0x10 /Applications/ARM/bin/../lib/gcc/arm-none-eabi/10.3.1/../../../../arm-none-eabi/lib/thumb/v7e-m+fp/hard/libc_nano.a(lib_a-memset.o)
                0x000000000800021c                memset

.glue_7         0x000000000800022c        0x0
 .glue_7        0x000000000800022c        0x0 linker stubs

.glue_7t        0x000000000800022c        0x0
 .glue_7t       0x000000000800022c        0x0 linker stubs

.vfp11_veneer   0x000000000800022c        0x0
 .vfp11_veneer  0x000000000800022c        0x0 linker stubs

.v4_bx          0x000000000800022c        0x0
 .v4_bx         0x000000000800022c        0x0 linker stubs

.iplt           0x000000000800022c        0x0
 .iplt          0x000000000800022c        0x0 /var/folders/c9/hywznpld7ns6y79qb05hvwf00000gn/T//ccUwJTYa.o

.rel.dyn        0x000000000800022c        0x0
 .rel.iplt      0x000000000800022c        0x0 /var/folders/c9/hywznpld7ns6y79qb05hvwf00000gn/T//ccUwJTYa.o

.rodata
 *(.rodata*)

.data           0x0000000020000000        0x0 load address 0x000000000800022c
                0x0000000020000000                _sdata = .
 *(.first_data)
 *(.data SORT_BY_NAME(.data.*))
                0x0000000020000000                _edata = .
                0x000000000800022c                _sidata = LOADADDR (.data)

.igot.plt       0x0000000020000000        0x0 load address 0x000000000800022c
 .igot.plt      0x0000000020000000        0x0 /var/folders/c9/hywznpld7ns6y79qb05hvwf00000gn/T//ccUwJTYa.o

.bss            0x0000000020000000        0x0 load address 0x000000000800022c
                0x0000000020000000                _sbss = .
 *(.bss SORT_BY_NAME(.bss.*) COMMON)
                0x0000000020000000                _ebss = .
OUTPUT(firmware.elf elf32-littlearm)
LOAD linker stubs

.debug_info     0x0000000000000000      0x147
 .debug_info    0x0000000000000000      0x147 /var/folders/c9/hywznpld7ns6y79qb05hvwf00000gn/T//ccUwJTYa.o

.debug_abbrev   0x0000000000000000      0x10f
 .debug_abbrev  0x0000000000000000      0x10f /var/folders/c9/hywznpld7ns6y79qb05hvwf00000gn/T//ccUwJTYa.o

.debug_aranges  0x0000000000000000       0x28
 .debug_aranges
                0x0000000000000000       0x28 /var/folders/c9/hywznpld7ns6y79qb05hvwf00000gn/T//ccUwJTYa.o

.debug_ranges   0x0000000000000000       0x18
 .debug_ranges  0x0000000000000000       0x18 /var/folders/c9/hywznpld7ns6y79qb05hvwf00000gn/T//ccUwJTYa.o

.debug_macro    0x0000000000000000      0xa7d
 .debug_macro   0x0000000000000000       0x11 /var/folders/c9/hywznpld7ns6y79qb05hvwf00000gn/T//ccUwJTYa.o
 .debug_macro   0x0000000000000011      0xa6c /var/folders/c9/hywznpld7ns6y79qb05hvwf00000gn/T//ccUwJTYa.o

.debug_line     0x0000000000000000       0x80
 .debug_line    0x0000000000000000       0x80 /var/folders/c9/hywznpld7ns6y79qb05hvwf00000gn/T//ccUwJTYa.o

.debug_str      0x0000000000000000     0x2cfa
 .debug_str     0x0000000000000000     0x2cfa /var/folders/c9/hywznpld7ns6y79qb05hvwf00000gn/T//ccUwJTYa.o
                                       0x2d1e (size before relaxing)

.comment        0x0000000000000000       0x49
 .comment       0x0000000000000000       0x49 /var/folders/c9/hywznpld7ns6y79qb05hvwf00000gn/T//ccUwJTYa.o
                                         0x4a (size before relaxing)

.ARM.attributes
                0x0000000000000000       0x34
 .ARM.attributes
                0x0000000000000000       0x34 /var/folders/c9/hywznpld7ns6y79qb05hvwf00000gn/T//ccUwJTYa.o
 .ARM.attributes
                0x0000000000000034       0x34 /Applications/ARM/bin/../lib/gcc/arm-none-eabi/10.3.1/../../../../arm-none-eabi/lib/thumb/v7e-m+fp/hard/libc_nano.a(lib_a-memcpy-stub.o)
 .ARM.attributes
                0x0000000000000068       0x34 /Applications/ARM/bin/../lib/gcc/arm-none-eabi/10.3.1/../../../../arm-none-eabi/lib/thumb/v7e-m+fp/hard/libc_nano.a(lib_a-memset.o)

.debug_frame    0x0000000000000000       0x78
 .debug_frame   0x0000000000000000       0x30 /var/folders/c9/hywznpld7ns6y79qb05hvwf00000gn/T//ccUwJTYa.o
 .debug_frame   0x0000000000000030       0x28 /Applications/ARM/bin/../lib/gcc/arm-none-eabi/10.3.1/../../../../arm-none-eabi/lib/thumb/v7e-m+fp/hard/libc_nano.a(lib_a-memcpy-stub.o)
 .debug_frame   0x0000000000000058       0x20 /Applications/ARM/bin/../lib/gcc/arm-none-eabi/10.3.1/../../../../arm-none-eabi/lib/thumb/v7e-m+fp/hard/libc_nano.a(lib_a-memset.o)
